{
  "version": "1.5.0",
  "plugins_used": [
    {
      "name": "ArtifactoryDetector"
    },
    {
      "name": "AWSKeyDetector"
    },
    {
      "name": "AzureStorageKeyDetector"
    },
    {
      "name": "Base64HighEntropyString",
      "limit": 4.5
    },
    {
      "name": "BasicAuthDetector"
    },
    {
      "name": "CloudantDetector"
    },
    {
      "name": "DiscordBotTokenDetector"
    },
    {
      "name": "GitHubTokenDetector"
    },
    {
      "name": "GitLabTokenDetector"
    },
    {
      "name": "HexHighEntropyString",
      "limit": 3.0
    },
    {
      "name": "IbmCloudIamDetector"
    },
    {
      "name": "IbmCosHmacDetector"
    },
    {
      "name": "IPPublicDetector"
    },
    {
      "name": "JwtTokenDetector"
    },
    {
      "name": "KeywordDetector",
      "keyword_exclude": ""
    },
    {
      "name": "MailchimpDetector"
    },
    {
      "name": "NpmDetector"
    },
    {
      "name": "OpenAIDetector"
    },
    {
      "name": "PrivateKeyDetector"
    },
    {
      "name": "PypiTokenDetector"
    },
    {
      "name": "SendGridDetector"
    },
    {
      "name": "SlackDetector"
    },
    {
      "name": "SoftlayerDetector"
    },
    {
      "name": "SquareOAuthDetector"
    },
    {
      "name": "StripeDetector"
    },
    {
      "name": "TelegramBotTokenDetector"
    },
    {
      "name": "TwilioKeyDetector"
    }
  ],
  "filters_used": [
    {
      "path": "detect_secrets.filters.allowlist.is_line_allowlisted"
    },
    {
      "path": "detect_secrets.filters.common.is_ignored_due_to_verification_policies",
      "min_level": 2
    },
    {
      "path": "detect_secrets.filters.heuristic.is_indirect_reference"
    },
    {
      "path": "detect_secrets.filters.heuristic.is_likely_id_string"
    },
    {
      "path": "detect_secrets.filters.heuristic.is_lock_file"
    },
    {
      "path": "detect_secrets.filters.heuristic.is_not_alphanumeric_string"
    },
    {
      "path": "detect_secrets.filters.heuristic.is_potential_uuid"
    },
    {
      "path": "detect_secrets.filters.heuristic.is_prefixed_with_dollar_sign"
    },
    {
      "path": "detect_secrets.filters.heuristic.is_sequential_string"
    },
    {
      "path": "detect_secrets.filters.heuristic.is_swagger_file"
    },
    {
      "path": "detect_secrets.filters.heuristic.is_templated_secret"
    },
    {
      "path": "detect_secrets.filters.regex.should_exclude_file",
      "pattern": [
        "(uv\\.lock|\\.env\\.template)$"
      ]
    }
  ],
  "results": {
    "README.md": [
      {
        "type": "Secret Keyword",
        "filename": "README.md",
        "hashed_secret": "13f1c3d250df6f1fd0566393315a007eacb89617",
        "is_verified": false,
        "line_number": 190
      },
      {
        "type": "Secret Keyword",
        "filename": "README.md",
        "hashed_secret": "3f32256a949e27f9d0933327c5184ec268a3bd10",
        "is_verified": false,
        "line_number": 191
      },
      {
        "type": "Secret Keyword",
        "filename": "README.md",
        "hashed_secret": "f41ed02c8424050ab78ea87d9e2c311e744c03d6",
        "is_verified": false,
        "line_number": 267
      },
      {
        "type": "Secret Keyword",
        "filename": "README.md",
        "hashed_secret": "1e471eb0e76e5ba1c94c5e43082c8ce6909aedc6",
        "is_verified": false,
        "line_number": 268
      },
      {
        "type": "Secret Keyword",
        "filename": "README.md",
        "hashed_secret": "9ce2979749b4824b745ffe989c27926ca3045ecd",
        "is_verified": false,
        "line_number": 272
      },
      {
        "type": "Secret Keyword",
        "filename": "README.md",
        "hashed_secret": "835662a963dd081a03771bd3e958a37574f8084f",
        "is_verified": false,
        "line_number": 273
      },
      {
        "type": "Secret Keyword",
        "filename": "README.md",
        "hashed_secret": "742d4a703191608f183d02e56191ead058ca057b",
        "is_verified": false,
        "line_number": 277
      },
      {
        "type": "Secret Keyword",
        "filename": "README.md",
        "hashed_secret": "e2fd19d47cfb0de0ca3513f30fdd9c0e917584a3",
        "is_verified": false,
        "line_number": 278
      }
    ],
    "src\\zerodha_data_fetcher\\utils\\config.py": [
      {
        "type": "Secret Keyword",
        "filename": "src\\zerodha_data_fetcher\\utils\\config.py",
        "hashed_secret": "5a04b8fb5356377de4810eceecc108fe6ecca286",
        "is_verified": false,
        "line_number": 140
      },
      {
        "type": "Secret Keyword",
        "filename": "src\\zerodha_data_fetcher\\utils\\config.py",
        "hashed_secret": "a5db7c056ce7bd3246eaf858c54752de03ea17d1",
        "is_verified": false,
        "line_number": 142
      }
    ],
    "src\\zerodha_data_fetcher\\utils\\data\\Kite_Instrument_ID.csv": [
      {
        "type": "AWS Access Key",
        "filename": "src\\zerodha_data_fetcher\\utils\\data\\Kite_Instrument_ID.csv",
        "hashed_secret": "cbc5e4291de72ffe9dd046312f2f4b0ec2a9638c",
        "is_verified": false,
        "line_number": 50137
      },
      {
        "type": "AWS Access Key",
        "filename": "src\\zerodha_data_fetcher\\utils\\data\\Kite_Instrument_ID.csv",
        "hashed_secret": "f0a52bf049e848d0e42405156ae40fd47e783ceb",
        "is_verified": false,
        "line_number": 50138
      },
      {
        "type": "AWS Access Key",
        "filename": "src\\zerodha_data_fetcher\\utils\\data\\Kite_Instrument_ID.csv",
        "hashed_secret": "24d2753af424ac7b15a3621ce2d8f8abb658d97b",
        "is_verified": false,
        "line_number": 50139
      },
      {
        "type": "AWS Access Key",
        "filename": "src\\zerodha_data_fetcher\\utils\\data\\Kite_Instrument_ID.csv",
        "hashed_secret": "f44ab9362797a70516938debf7a2d972b1962b07",
        "is_verified": false,
        "line_number": 50140
      },
      {
        "type": "AWS Access Key",
        "filename": "src\\zerodha_data_fetcher\\utils\\data\\Kite_Instrument_ID.csv",
        "hashed_secret": "96862a7ffea10b371d788725756a1602bb760f33",
        "is_verified": false,
        "line_number": 50141
      },
      {
        "type": "AWS Access Key",
        "filename": "src\\zerodha_data_fetcher\\utils\\data\\Kite_Instrument_ID.csv",
        "hashed_secret": "ec154d9d5204ca2e682538d6ba419f321461e73d",
        "is_verified": false,
        "line_number": 50142
      },
      {
        "type": "AWS Access Key",
        "filename": "src\\zerodha_data_fetcher\\utils\\data\\Kite_Instrument_ID.csv",
        "hashed_secret": "ddc4c3cf1d67e26045fcbaf48a966a00fa9efbc8",
        "is_verified": false,
        "line_number": 50143
      },
      {
        "type": "AWS Access Key",
        "filename": "src\\zerodha_data_fetcher\\utils\\data\\Kite_Instrument_ID.csv",
        "hashed_secret": "c0bf2baf07201f243f27e091dd913bc5e7f85ec8",
        "is_verified": false,
        "line_number": 50144
      },
      {
        "type": "AWS Access Key",
        "filename": "src\\zerodha_data_fetcher\\utils\\data\\Kite_Instrument_ID.csv",
        "hashed_secret": "fdd41cd032f0c726fb98ba22791ad75cfe3bed67",
        "is_verified": false,
        "line_number": 50145
      },
      {
        "type": "AWS Access Key",
        "filename": "src\\zerodha_data_fetcher\\utils\\data\\Kite_Instrument_ID.csv",
        "hashed_secret": "9c4c0a3e69c376f295322cb6647382a5e4de8ed3",
        "is_verified": false,
        "line_number": 50146
      },
      {
        "type": "AWS Access Key",
        "filename": "src\\zerodha_data_fetcher\\utils\\data\\Kite_Instrument_ID.csv",
        "hashed_secret": "2c7d7b68729f83e7a36cf2b1a5678fe80ab46698",
        "is_verified": false,
        "line_number": 50147
      },
      {
        "type": "AWS Access Key",
        "filename": "src\\zerodha_data_fetcher\\utils\\data\\Kite_Instrument_ID.csv",
        "hashed_secret": "de9fa31047e523b557ab03bcfd3dc3e68b562b8f",
        "is_verified": false,
        "line_number": 50148
      },
      {
        "type": "AWS Access Key",
        "filename": "src\\zerodha_data_fetcher\\utils\\data\\Kite_Instrument_ID.csv",
        "hashed_secret": "7035efc8cb42b580f60d17528c5962ea984227e9",
        "is_verified": false,
        "line_number": 50149
      },
      {
        "type": "AWS Access Key",
        "filename": "src\\zerodha_data_fetcher\\utils\\data\\Kite_Instrument_ID.csv",
        "hashed_secret": "a94ff77644bf6772c53b5ecb28ba02d287eddd03",
        "is_verified": false,
        "line_number": 50150
      },
      {
        "type": "AWS Access Key",
        "filename": "src\\zerodha_data_fetcher\\utils\\data\\Kite_Instrument_ID.csv",
        "hashed_secret": "27b5ba4e7e49a10b6114b9ea4dd02c73b1f3d740",
        "is_verified": false,
        "line_number": 50151
      },
      {
        "type": "AWS Access Key",
        "filename": "src\\zerodha_data_fetcher\\utils\\data\\Kite_Instrument_ID.csv",
        "hashed_secret": "21839ec3edf095bc098b9af4a44ae365630cd90f",
        "is_verified": false,
        "line_number": 50152
      },
      {
        "type": "AWS Access Key",
        "filename": "src\\zerodha_data_fetcher\\utils\\data\\Kite_Instrument_ID.csv",
        "hashed_secret": "e6ab2ff7f948d85d8400abdf18ad8b3302a8ef71",
        "is_verified": false,
        "line_number": 50153
      },
      {
        "type": "AWS Access Key",
        "filename": "src\\zerodha_data_fetcher\\utils\\data\\Kite_Instrument_ID.csv",
        "hashed_secret": "367069a5f4e27615eb65ba6f5d8b9c702f44b93b",
        "is_verified": false,
        "line_number": 50154
      },
      {
        "type": "AWS Access Key",
        "filename": "src\\zerodha_data_fetcher\\utils\\data\\Kite_Instrument_ID.csv",
        "hashed_secret": "f2bdf3a5cbf2b77d11e5b59958735f7c8bc85e95",
        "is_verified": false,
        "line_number": 50155
      },
      {
        "type": "AWS Access Key",
        "filename": "src\\zerodha_data_fetcher\\utils\\data\\Kite_Instrument_ID.csv",
        "hashed_secret": "1109b16d05e3e610191d03b25cb545644cabde02",
        "is_verified": false,
        "line_number": 50156
      },
      {
        "type": "AWS Access Key",
        "filename": "src\\zerodha_data_fetcher\\utils\\data\\Kite_Instrument_ID.csv",
        "hashed_secret": "c6880cb3917fd2b12de1f090fb408dcdde685e8c",
        "is_verified": false,
        "line_number": 50157
      },
      {
        "type": "AWS Access Key",
        "filename": "src\\zerodha_data_fetcher\\utils\\data\\Kite_Instrument_ID.csv",
        "hashed_secret": "8c7317a7bbeef8b0dc0de954658c49a0d19e03fb",
        "is_verified": false,
        "line_number": 50158
      },
      {
        "type": "AWS Access Key",
        "filename": "src\\zerodha_data_fetcher\\utils\\data\\Kite_Instrument_ID.csv",
        "hashed_secret": "a55bb7cef6f6365b7d20e909df2bd1dcb6f39f55",
        "is_verified": false,
        "line_number": 50159
      },
      {
        "type": "AWS Access Key",
        "filename": "src\\zerodha_data_fetcher\\utils\\data\\Kite_Instrument_ID.csv",
        "hashed_secret": "3ac788768f1a604d89ae399f5aad2e243d790bb3",
        "is_verified": false,
        "line_number": 50160
      },
      {
        "type": "AWS Access Key",
        "filename": "src\\zerodha_data_fetcher\\utils\\data\\Kite_Instrument_ID.csv",
        "hashed_secret": "9cd2767eb6f6a1026af8b2c32d22b088223c4755",
        "is_verified": false,
        "line_number": 50161
      },
      {
        "type": "AWS Access Key",
        "filename": "src\\zerodha_data_fetcher\\utils\\data\\Kite_Instrument_ID.csv",
        "hashed_secret": "fec6bc2295537ff962c73ca4b02b78749ce904f4",
        "is_verified": false,
        "line_number": 50162
      },
      {
        "type": "AWS Access Key",
        "filename": "src\\zerodha_data_fetcher\\utils\\data\\Kite_Instrument_ID.csv",
        "hashed_secret": "25ebcd64c2ddbdbdce9dcc3f2bcf67cea65fb06a",
        "is_verified": false,
        "line_number": 50163
      },
      {
        "type": "AWS Access Key",
        "filename": "src\\zerodha_data_fetcher\\utils\\data\\Kite_Instrument_ID.csv",
        "hashed_secret": "ff32a03dca2b611cd48455c0eee9097ccfcd381d",
        "is_verified": false,
        "line_number": 50164
      },
      {
        "type": "AWS Access Key",
        "filename": "src\\zerodha_data_fetcher\\utils\\data\\Kite_Instrument_ID.csv",
        "hashed_secret": "fa8e1e013bc5d3fa334a58ad500ed9afac9d22db",
        "is_verified": false,
        "line_number": 50165
      },
      {
        "type": "AWS Access Key",
        "filename": "src\\zerodha_data_fetcher\\utils\\data\\Kite_Instrument_ID.csv",
        "hashed_secret": "3e8c184c1aeac9fce1f4ed8858ff676fe77e1bd4",
        "is_verified": false,
        "line_number": 50166
      },
      {
        "type": "AWS Access Key",
        "filename": "src\\zerodha_data_fetcher\\utils\\data\\Kite_Instrument_ID.csv",
        "hashed_secret": "5ea4e8c2a76400cfe171e6ff2b106ba23a2f60ff",
        "is_verified": false,
        "line_number": 50167
      },
      {
        "type": "AWS Access Key",
        "filename": "src\\zerodha_data_fetcher\\utils\\data\\Kite_Instrument_ID.csv",
        "hashed_secret": "8ff8bf40d981b40f77a25214667984b3069ba086",
        "is_verified": false,
        "line_number": 50168
      },
      {
        "type": "AWS Access Key",
        "filename": "src\\zerodha_data_fetcher\\utils\\data\\Kite_Instrument_ID.csv",
        "hashed_secret": "e481f13f6812095d8c3046759fc0c63d072562a3",
        "is_verified": false,
        "line_number": 50169
      },
      {
        "type": "AWS Access Key",
        "filename": "src\\zerodha_data_fetcher\\utils\\data\\Kite_Instrument_ID.csv",
        "hashed_secret": "8791f76d516fc2e49811484342321ee1b68c1b70",
        "is_verified": false,
        "line_number": 50170
      },
      {
        "type": "AWS Access Key",
        "filename": "src\\zerodha_data_fetcher\\utils\\data\\Kite_Instrument_ID.csv",
        "hashed_secret": "1f46948dae7825a751550f20b165418bf8d4a7a6",
        "is_verified": false,
        "line_number": 50171
      },
      {
        "type": "AWS Access Key",
        "filename": "src\\zerodha_data_fetcher\\utils\\data\\Kite_Instrument_ID.csv",
        "hashed_secret": "32e8d4b9fb946be916cad09a5a01c02051878461",
        "is_verified": false,
        "line_number": 50172
      },
      {
        "type": "AWS Access Key",
        "filename": "src\\zerodha_data_fetcher\\utils\\data\\Kite_Instrument_ID.csv",
        "hashed_secret": "aab668d48b1be019d958e5a07c3a90a53dab5fce",
        "is_verified": false,
        "line_number": 50173
      },
      {
        "type": "AWS Access Key",
        "filename": "src\\zerodha_data_fetcher\\utils\\data\\Kite_Instrument_ID.csv",
        "hashed_secret": "e20045635e1f42473c32fa7e903164f521b9af2f",
        "is_verified": false,
        "line_number": 50174
      },
      {
        "type": "AWS Access Key",
        "filename": "src\\zerodha_data_fetcher\\utils\\data\\Kite_Instrument_ID.csv",
        "hashed_secret": "c918002829d23cbad153e29ce78176e107f297fe",
        "is_verified": false,
        "line_number": 50175
      },
      {
        "type": "AWS Access Key",
        "filename": "src\\zerodha_data_fetcher\\utils\\data\\Kite_Instrument_ID.csv",
        "hashed_secret": "cc77be9941cda68ff9d557e144853d1709717b78",
        "is_verified": false,
        "line_number": 50176
      },
      {
        "type": "AWS Access Key",
        "filename": "src\\zerodha_data_fetcher\\utils\\data\\Kite_Instrument_ID.csv",
        "hashed_secret": "38699696e8ab5353922b4d766d8e2bd8c1e9a4d0",
        "is_verified": false,
        "line_number": 50177
      },
      {
        "type": "AWS Access Key",
        "filename": "src\\zerodha_data_fetcher\\utils\\data\\Kite_Instrument_ID.csv",
        "hashed_secret": "eac8a28c3836aeb716f8fcdda06c0ff001bdafce",
        "is_verified": false,
        "line_number": 50178
      },
      {
        "type": "AWS Access Key",
        "filename": "src\\zerodha_data_fetcher\\utils\\data\\Kite_Instrument_ID.csv",
        "hashed_secret": "c98846ecccfce6a8b5725b473f8c4a60beeef2c5",
        "is_verified": false,
        "line_number": 50179
      },
      {
        "type": "AWS Access Key",
        "filename": "src\\zerodha_data_fetcher\\utils\\data\\Kite_Instrument_ID.csv",
        "hashed_secret": "d05b23fc9da64991eee54a77390fb90e63cd2b14",
        "is_verified": false,
        "line_number": 50180
      },
      {
        "type": "AWS Access Key",
        "filename": "src\\zerodha_data_fetcher\\utils\\data\\Kite_Instrument_ID.csv",
        "hashed_secret": "78cfb9fa608af64d5274353d0d1e71b173468b4e",
        "is_verified": false,
        "line_number": 50181
      },
      {
        "type": "AWS Access Key",
        "filename": "src\\zerodha_data_fetcher\\utils\\data\\Kite_Instrument_ID.csv",
        "hashed_secret": "e841ce0b174f9b87b5631942f95796b6df007529",
        "is_verified": false,
        "line_number": 50182
      },
      {
        "type": "AWS Access Key",
        "filename": "src\\zerodha_data_fetcher\\utils\\data\\Kite_Instrument_ID.csv",
        "hashed_secret": "e7100691af3bcf35cca10ba7277d9314c779d620",
        "is_verified": false,
        "line_number": 50183
      },
      {
        "type": "AWS Access Key",
        "filename": "src\\zerodha_data_fetcher\\utils\\data\\Kite_Instrument_ID.csv",
        "hashed_secret": "1f68dbd47a6afab74a472aa70ea888899505a1fd",
        "is_verified": false,
        "line_number": 50184
      },
      {
        "type": "AWS Access Key",
        "filename": "src\\zerodha_data_fetcher\\utils\\data\\Kite_Instrument_ID.csv",
        "hashed_secret": "df94613281be4b85ae037c545655a0de84f571fc",
        "is_verified": false,
        "line_number": 50185
      },
      {
        "type": "AWS Access Key",
        "filename": "src\\zerodha_data_fetcher\\utils\\data\\Kite_Instrument_ID.csv",
        "hashed_secret": "8ba1ece896528fc3c3123ed6e0cc9c677033e357",
        "is_verified": false,
        "line_number": 50186
      },
      {
        "type": "AWS Access Key",
        "filename": "src\\zerodha_data_fetcher\\utils\\data\\Kite_Instrument_ID.csv",
        "hashed_secret": "458cf21539fc12494764b2394bee46d0f866ab62",
        "is_verified": false,
        "line_number": 50187
      },
      {
        "type": "AWS Access Key",
        "filename": "src\\zerodha_data_fetcher\\utils\\data\\Kite_Instrument_ID.csv",
        "hashed_secret": "20f3d6eb4ec54dd64cf3b7af9ed93d8b60e0f1ad",
        "is_verified": false,
        "line_number": 50188
      },
      {
        "type": "AWS Access Key",
        "filename": "src\\zerodha_data_fetcher\\utils\\data\\Kite_Instrument_ID.csv",
        "hashed_secret": "2c5238f9b10625c34f8086738ff183d6272a2a16",
        "is_verified": false,
        "line_number": 50189
      },
      {
        "type": "AWS Access Key",
        "filename": "src\\zerodha_data_fetcher\\utils\\data\\Kite_Instrument_ID.csv",
        "hashed_secret": "2a42b7b45dec13b7f02e0bf42b1b3a6a0f866438",
        "is_verified": false,
        "line_number": 50190
      },
      {
        "type": "AWS Access Key",
        "filename": "src\\zerodha_data_fetcher\\utils\\data\\Kite_Instrument_ID.csv",
        "hashed_secret": "f38d157c325174f7dd2a9ccd63efb9bd27675277",
        "is_verified": false,
        "line_number": 50191
      },
      {
        "type": "AWS Access Key",
        "filename": "src\\zerodha_data_fetcher\\utils\\data\\Kite_Instrument_ID.csv",
        "hashed_secret": "c24baaa8f4438c2bf5b047e604243be4aa67164c",
        "is_verified": false,
        "line_number": 50192
      },
      {
        "type": "AWS Access Key",
        "filename": "src\\zerodha_data_fetcher\\utils\\data\\Kite_Instrument_ID.csv",
        "hashed_secret": "72c709c1e6c5accaa8dcd689b045ed4788bc2f4c",
        "is_verified": false,
        "line_number": 50193
      },
      {
        "type": "AWS Access Key",
        "filename": "src\\zerodha_data_fetcher\\utils\\data\\Kite_Instrument_ID.csv",
        "hashed_secret": "0381077ac01cc5a33cecf4983cf5d201637e9eeb",
        "is_verified": false,
        "line_number": 50194
      },
      {
        "type": "AWS Access Key",
        "filename": "src\\zerodha_data_fetcher\\utils\\data\\Kite_Instrument_ID.csv",
        "hashed_secret": "799e9b64579b91c165400b9c8260a01eeb1388bf",
        "is_verified": false,
        "line_number": 50195
      },
      {
        "type": "AWS Access Key",
        "filename": "src\\zerodha_data_fetcher\\utils\\data\\Kite_Instrument_ID.csv",
        "hashed_secret": "5d6f21fc49554da288d39618cd591192d12d4dec",
        "is_verified": false,
        "line_number": 50196
      },
      {
        "type": "AWS Access Key",
        "filename": "src\\zerodha_data_fetcher\\utils\\data\\Kite_Instrument_ID.csv",
        "hashed_secret": "3e80418b546461f1c3f194b66ecac1900746bee3",
        "is_verified": false,
        "line_number": 50197
      },
      {
        "type": "AWS Access Key",
        "filename": "src\\zerodha_data_fetcher\\utils\\data\\Kite_Instrument_ID.csv",
        "hashed_secret": "9ffa75cd6a849933b5535f75f68a36cb939d5b5e",
        "is_verified": false,
        "line_number": 50198
      },
      {
        "type": "AWS Access Key",
        "filename": "src\\zerodha_data_fetcher\\utils\\data\\Kite_Instrument_ID.csv",
        "hashed_secret": "4fffb6e6be0549edb3d2d08cad9ad433ee81674c",
        "is_verified": false,
        "line_number": 50199
      },
      {
        "type": "AWS Access Key",
        "filename": "src\\zerodha_data_fetcher\\utils\\data\\Kite_Instrument_ID.csv",
        "hashed_secret": "1b5964ef51868e4ed35cef1a36dd481e4bf5f0bf",
        "is_verified": false,
        "line_number": 50200
      },
      {
        "type": "AWS Access Key",
        "filename": "src\\zerodha_data_fetcher\\utils\\data\\Kite_Instrument_ID.csv",
        "hashed_secret": "9d9f2421a109b23f92a3b18edb37e4e69a39b128",
        "is_verified": false,
        "line_number": 50201
      },
      {
        "type": "AWS Access Key",
        "filename": "src\\zerodha_data_fetcher\\utils\\data\\Kite_Instrument_ID.csv",
        "hashed_secret": "c8cd0cabe3b2b40d3835b473af98f25446d182c8",
        "is_verified": false,
        "line_number": 50202
      },
      {
        "type": "AWS Access Key",
        "filename": "src\\zerodha_data_fetcher\\utils\\data\\Kite_Instrument_ID.csv",
        "hashed_secret": "daec4106090c1d141756464e4579cbd6006726b2",
        "is_verified": false,
        "line_number": 50203
      },
      {
        "type": "AWS Access Key",
        "filename": "src\\zerodha_data_fetcher\\utils\\data\\Kite_Instrument_ID.csv",
        "hashed_secret": "62bf8728aa5ecfaa00ca9e28dd0a264c92174089",
        "is_verified": false,
        "line_number": 50204
      },
      {
        "type": "AWS Access Key",
        "filename": "src\\zerodha_data_fetcher\\utils\\data\\Kite_Instrument_ID.csv",
        "hashed_secret": "7fb57c82079e66686f94e29437b8d110eb938cd2",
        "is_verified": false,
        "line_number": 50205
      },
      {
        "type": "AWS Access Key",
        "filename": "src\\zerodha_data_fetcher\\utils\\data\\Kite_Instrument_ID.csv",
        "hashed_secret": "9c0fc9680a23a8d49593310babefbac17ad4d0f0",
        "is_verified": false,
        "line_number": 50206
      },
      {
        "type": "AWS Access Key",
        "filename": "src\\zerodha_data_fetcher\\utils\\data\\Kite_Instrument_ID.csv",
        "hashed_secret": "52d85ecd732bb75f01a52ec7aab87c778f051920",
        "is_verified": false,
        "line_number": 50207
      },
      {
        "type": "AWS Access Key",
        "filename": "src\\zerodha_data_fetcher\\utils\\data\\Kite_Instrument_ID.csv",
        "hashed_secret": "7fa011c537c47fb1af5da5dd1267b8304d1d8cad",
        "is_verified": false,
        "line_number": 50208
      },
      {
        "type": "AWS Access Key",
        "filename": "src\\zerodha_data_fetcher\\utils\\data\\Kite_Instrument_ID.csv",
        "hashed_secret": "d83b7bdba0e29bdaad5feb8b80e2c68c0ec93e07",
        "is_verified": false,
        "line_number": 50209
      },
      {
        "type": "AWS Access Key",
        "filename": "src\\zerodha_data_fetcher\\utils\\data\\Kite_Instrument_ID.csv",
        "hashed_secret": "8d6cdaff2e71d90afbe590a45ffc8e51a9d161e1",
        "is_verified": false,
        "line_number": 50210
      },
      {
        "type": "AWS Access Key",
        "filename": "src\\zerodha_data_fetcher\\utils\\data\\Kite_Instrument_ID.csv",
        "hashed_secret": "c317dc36718503ded391f9b0428bddab749d87c2",
        "is_verified": false,
        "line_number": 50211
      },
      {
        "type": "AWS Access Key",
        "filename": "src\\zerodha_data_fetcher\\utils\\data\\Kite_Instrument_ID.csv",
        "hashed_secret": "3b7674d384b93dbfdbbd2ab3cc870f1072b47028",
        "is_verified": false,
        "line_number": 50212
      },
      {
        "type": "AWS Access Key",
        "filename": "src\\zerodha_data_fetcher\\utils\\data\\Kite_Instrument_ID.csv",
        "hashed_secret": "fc4fd2e829e07423e73e63ca814e84478c0d8db7",
        "is_verified": false,
        "line_number": 50213
      },
      {
        "type": "AWS Access Key",
        "filename": "src\\zerodha_data_fetcher\\utils\\data\\Kite_Instrument_ID.csv",
        "hashed_secret": "c750f8e4ac37c5fbb8ff6e124d070ac1adcd3896",
        "is_verified": false,
        "line_number": 50214
      },
      {
        "type": "AWS Access Key",
        "filename": "src\\zerodha_data_fetcher\\utils\\data\\Kite_Instrument_ID.csv",
        "hashed_secret": "d0fadc0b54aa2ca2139f848066e44e9281b9ec36",
        "is_verified": false,
        "line_number": 50215
      },
      {
        "type": "AWS Access Key",
        "filename": "src\\zerodha_data_fetcher\\utils\\data\\Kite_Instrument_ID.csv",
        "hashed_secret": "5e55baed7dc89f4fd2270cd8d61d86bce914a914",
        "is_verified": false,
        "line_number": 50216
      },
      {
        "type": "AWS Access Key",
        "filename": "src\\zerodha_data_fetcher\\utils\\data\\Kite_Instrument_ID.csv",
        "hashed_secret": "6a53d54d77eb9d6a2973bbe7a87354cbe94443f1",
        "is_verified": false,
        "line_number": 50217
      },
      {
        "type": "AWS Access Key",
        "filename": "src\\zerodha_data_fetcher\\utils\\data\\Kite_Instrument_ID.csv",
        "hashed_secret": "999da7f28855975eedd20b0ee84aaf50b48d227a",
        "is_verified": false,
        "line_number": 50218
      },
      {
        "type": "AWS Access Key",
        "filename": "src\\zerodha_data_fetcher\\utils\\data\\Kite_Instrument_ID.csv",
        "hashed_secret": "7294f0ab60127f55bd419fe2a2d7e4ba4ec2966b",
        "is_verified": false,
        "line_number": 50219
      },
      {
        "type": "AWS Access Key",
        "filename": "src\\zerodha_data_fetcher\\utils\\data\\Kite_Instrument_ID.csv",
        "hashed_secret": "800c4134915bdb653b3b619ee8f46b81e588de62",
        "is_verified": false,
        "line_number": 50220
      },
      {
        "type": "AWS Access Key",
        "filename": "src\\zerodha_data_fetcher\\utils\\data\\Kite_Instrument_ID.csv",
        "hashed_secret": "8f0b00142640b17d7a36c0d9757427c92f12311e",
        "is_verified": false,
        "line_number": 50221
      },
      {
        "type": "AWS Access Key",
        "filename": "src\\zerodha_data_fetcher\\utils\\data\\Kite_Instrument_ID.csv",
        "hashed_secret": "bd46b2ed971d97f6b0e20dfd8c97affb2bc9ddd3",
        "is_verified": false,
        "line_number": 50222
      },
      {
        "type": "AWS Access Key",
        "filename": "src\\zerodha_data_fetcher\\utils\\data\\Kite_Instrument_ID.csv",
        "hashed_secret": "cc2870098c89929e323710359f2ed6299f4e954e",
        "is_verified": false,
        "line_number": 50223
      },
      {
        "type": "AWS Access Key",
        "filename": "src\\zerodha_data_fetcher\\utils\\data\\Kite_Instrument_ID.csv",
        "hashed_secret": "d26b16bd7a748369329f8e7d07fa57b9fce10c63",
        "is_verified": false,
        "line_number": 50224
      },
      {
        "type": "AWS Access Key",
        "filename": "src\\zerodha_data_fetcher\\utils\\data\\Kite_Instrument_ID.csv",
        "hashed_secret": "7a7673fc35e03dc1a91a64fcc006084917ffcdef",
        "is_verified": false,
        "line_number": 50225
      },
      {
        "type": "AWS Access Key",
        "filename": "src\\zerodha_data_fetcher\\utils\\data\\Kite_Instrument_ID.csv",
        "hashed_secret": "614344d72ee75188d65322f4a3e088831fc754c8",
        "is_verified": false,
        "line_number": 50226
      },
      {
        "type": "AWS Access Key",
        "filename": "src\\zerodha_data_fetcher\\utils\\data\\Kite_Instrument_ID.csv",
        "hashed_secret": "f8ee60786ccd421128ad901e4c183a21a703a322",
        "is_verified": false,
        "line_number": 50227
      },
      {
        "type": "AWS Access Key",
        "filename": "src\\zerodha_data_fetcher\\utils\\data\\Kite_Instrument_ID.csv",
        "hashed_secret": "90bb14e213a50195101b375673e7dab0d053c779",
        "is_verified": false,
        "line_number": 50228
      },
      {
        "type": "AWS Access Key",
        "filename": "src\\zerodha_data_fetcher\\utils\\data\\Kite_Instrument_ID.csv",
        "hashed_secret": "32d638fad6e437292625c25d5941a27065e1c25b",
        "is_verified": false,
        "line_number": 50229
      },
      {
        "type": "AWS Access Key",
        "filename": "src\\zerodha_data_fetcher\\utils\\data\\Kite_Instrument_ID.csv",
        "hashed_secret": "1fb2c7522d19c38e3f39a52ea6babc3b9595dd73",
        "is_verified": false,
        "line_number": 50230
      },
      {
        "type": "AWS Access Key",
        "filename": "src\\zerodha_data_fetcher\\utils\\data\\Kite_Instrument_ID.csv",
        "hashed_secret": "f7568187e41c2ba0d6137e34e009b96fc1ef20be",
        "is_verified": false,
        "line_number": 50231
      },
      {
        "type": "AWS Access Key",
        "filename": "src\\zerodha_data_fetcher\\utils\\data\\Kite_Instrument_ID.csv",
        "hashed_secret": "2886925669728aec168ae45a9cbaa12104070523",
        "is_verified": false,
        "line_number": 50232
      },
      {
        "type": "AWS Access Key",
        "filename": "src\\zerodha_data_fetcher\\utils\\data\\Kite_Instrument_ID.csv",
        "hashed_secret": "175b0f789d1e65176c30793292abb6070df86c8e",
        "is_verified": false,
        "line_number": 50233
      },
      {
        "type": "AWS Access Key",
        "filename": "src\\zerodha_data_fetcher\\utils\\data\\Kite_Instrument_ID.csv",
        "hashed_secret": "f75cb40531c5d0aff75b626bb785c10d6b34b549",
        "is_verified": false,
        "line_number": 50234
      },
      {
        "type": "AWS Access Key",
        "filename": "src\\zerodha_data_fetcher\\utils\\data\\Kite_Instrument_ID.csv",
        "hashed_secret": "abb087f389b548e321e149fa1ddaea1ae3a0f55b",
        "is_verified": false,
        "line_number": 50235
      },
      {
        "type": "AWS Access Key",
        "filename": "src\\zerodha_data_fetcher\\utils\\data\\Kite_Instrument_ID.csv",
        "hashed_secret": "5173b3e21e6c71ad20f8af8b3f5fd84fdc76d1bf",
        "is_verified": false,
        "line_number": 50236
      },
      {
        "type": "AWS Access Key",
        "filename": "src\\zerodha_data_fetcher\\utils\\data\\Kite_Instrument_ID.csv",
        "hashed_secret": "78190021b36e264fa1acb3c6ffdd50719f79a3ec",
        "is_verified": false,
        "line_number": 50237
      },
      {
        "type": "AWS Access Key",
        "filename": "src\\zerodha_data_fetcher\\utils\\data\\Kite_Instrument_ID.csv",
        "hashed_secret": "dd5f5c23410c8a0a5dae5c8857543fb45afb3138",
        "is_verified": false,
        "line_number": 50238
      },
      {
        "type": "AWS Access Key",
        "filename": "src\\zerodha_data_fetcher\\utils\\data\\Kite_Instrument_ID.csv",
        "hashed_secret": "18e3d5fe632ebaac34bed0991d160ca364ae2b19",
        "is_verified": false,
        "line_number": 50239
      },
      {
        "type": "AWS Access Key",
        "filename": "src\\zerodha_data_fetcher\\utils\\data\\Kite_Instrument_ID.csv",
        "hashed_secret": "b0e77f749295a9ee1c42f0f26e3a0752b94a458c",
        "is_verified": false,
        "line_number": 50240
      },
      {
        "type": "AWS Access Key",
        "filename": "src\\zerodha_data_fetcher\\utils\\data\\Kite_Instrument_ID.csv",
        "hashed_secret": "1f35f8876ba15d2c0c315a90b953039cd439a741",
        "is_verified": false,
        "line_number": 50241
      },
      {
        "type": "AWS Access Key",
        "filename": "src\\zerodha_data_fetcher\\utils\\data\\Kite_Instrument_ID.csv",
        "hashed_secret": "aac55c3b4f2cdc535b08a2766dbcd4102e83875e",
        "is_verified": false,
        "line_number": 50242
      },
      {
        "type": "AWS Access Key",
        "filename": "src\\zerodha_data_fetcher\\utils\\data\\Kite_Instrument_ID.csv",
        "hashed_secret": "bad5c1430a4d091f1103a0ba5591c53c6351aead",
        "is_verified": false,
        "line_number": 50243
      },
      {
        "type": "AWS Access Key",
        "filename": "src\\zerodha_data_fetcher\\utils\\data\\Kite_Instrument_ID.csv",
        "hashed_secret": "b28f90e139f4512aa9e85e484aa10672da6c1460",
        "is_verified": false,
        "line_number": 50244
      },
      {
        "type": "AWS Access Key",
        "filename": "src\\zerodha_data_fetcher\\utils\\data\\Kite_Instrument_ID.csv",
        "hashed_secret": "045127c0f413063cad0738b032ee1e8851d75200",
        "is_verified": false,
        "line_number": 50245
      },
      {
        "type": "AWS Access Key",
        "filename": "src\\zerodha_data_fetcher\\utils\\data\\Kite_Instrument_ID.csv",
        "hashed_secret": "efc13f02f50b1d48f27eaa832d5b27d116115e7e",
        "is_verified": false,
        "line_number": 50246
      },
      {
        "type": "AWS Access Key",
        "filename": "src\\zerodha_data_fetcher\\utils\\data\\Kite_Instrument_ID.csv",
        "hashed_secret": "0a75aa804010bbbe5981bed4ac34fdff598d8277",
        "is_verified": false,
        "line_number": 50247
      },
      {
        "type": "AWS Access Key",
        "filename": "src\\zerodha_data_fetcher\\utils\\data\\Kite_Instrument_ID.csv",
        "hashed_secret": "0a269315f11d75ddc9bfd7d8b1360660680e0f5c",
        "is_verified": false,
        "line_number": 50248
      },
      {
        "type": "AWS Access Key",
        "filename": "src\\zerodha_data_fetcher\\utils\\data\\Kite_Instrument_ID.csv",
        "hashed_secret": "6a30bea9f966bff5f26dc59d6de3089db92138a6",
        "is_verified": false,
        "line_number": 50249
      },
      {
        "type": "AWS Access Key",
        "filename": "src\\zerodha_data_fetcher\\utils\\data\\Kite_Instrument_ID.csv",
        "hashed_secret": "09c2bb0d093bba2242df92efd1441124089c8e19",
        "is_verified": false,
        "line_number": 50250
      },
      {
        "type": "AWS Access Key",
        "filename": "src\\zerodha_data_fetcher\\utils\\data\\Kite_Instrument_ID.csv",
        "hashed_secret": "d211142ab288efdc1fa7e5f982815d2474023449",
        "is_verified": false,
        "line_number": 50251
      },
      {
        "type": "AWS Access Key",
        "filename": "src\\zerodha_data_fetcher\\utils\\data\\Kite_Instrument_ID.csv",
        "hashed_secret": "e9353def9d67af7b47eb8bfef5eac5c6a1659a20",
        "is_verified": false,
        "line_number": 50252
      },
      {
        "type": "AWS Access Key",
        "filename": "src\\zerodha_data_fetcher\\utils\\data\\Kite_Instrument_ID.csv",
        "hashed_secret": "850e950a87dcb3f5b02f57e42ba5dfbcee415ca0",
        "is_verified": false,
        "line_number": 50253
      },
      {
        "type": "AWS Access Key",
        "filename": "src\\zerodha_data_fetcher\\utils\\data\\Kite_Instrument_ID.csv",
        "hashed_secret": "c71565803ffb9812371bf111554e1ed3b6383804",
        "is_verified": false,
        "line_number": 50254
      },
      {
        "type": "AWS Access Key",
        "filename": "src\\zerodha_data_fetcher\\utils\\data\\Kite_Instrument_ID.csv",
        "hashed_secret": "cd007c5da2dca61941c69a9d31687f05166f302b",
        "is_verified": false,
        "line_number": 50255
      },
      {
        "type": "AWS Access Key",
        "filename": "src\\zerodha_data_fetcher\\utils\\data\\Kite_Instrument_ID.csv",
        "hashed_secret": "cb80477a74baf8ddf1db09fa4668892f4b200042",
        "is_verified": false,
        "line_number": 50256
      },
      {
        "type": "AWS Access Key",
        "filename": "src\\zerodha_data_fetcher\\utils\\data\\Kite_Instrument_ID.csv",
        "hashed_secret": "e85f94ee3b4c74f9e08f2744ab4c0255dce3f815",
        "is_verified": false,
        "line_number": 50257
      },
      {
        "type": "AWS Access Key",
        "filename": "src\\zerodha_data_fetcher\\utils\\data\\Kite_Instrument_ID.csv",
        "hashed_secret": "3f860faf6f4307c70fda811f7e0cf75a2ab9fe1d",
        "is_verified": false,
        "line_number": 50258
      },
      {
        "type": "AWS Access Key",
        "filename": "src\\zerodha_data_fetcher\\utils\\data\\Kite_Instrument_ID.csv",
        "hashed_secret": "b835cd6b047f52935ffec87247610ab05d9030ad",
        "is_verified": false,
        "line_number": 50259
      },
      {
        "type": "AWS Access Key",
        "filename": "src\\zerodha_data_fetcher\\utils\\data\\Kite_Instrument_ID.csv",
        "hashed_secret": "97124561e4c34e146265d07ab19b8d903e7c9d4d",
        "is_verified": false,
        "line_number": 50260
      },
      {
        "type": "AWS Access Key",
        "filename": "src\\zerodha_data_fetcher\\utils\\data\\Kite_Instrument_ID.csv",
        "hashed_secret": "7dab1e9545fa8beca102a8a24b40193f86bb70f6",
        "is_verified": false,
        "line_number": 50261
      },
      {
        "type": "AWS Access Key",
        "filename": "src\\zerodha_data_fetcher\\utils\\data\\Kite_Instrument_ID.csv",
        "hashed_secret": "d0396c0798535ae5b832ed7054118e269afe1c24",
        "is_verified": false,
        "line_number": 50262
      },
      {
        "type": "AWS Access Key",
        "filename": "src\\zerodha_data_fetcher\\utils\\data\\Kite_Instrument_ID.csv",
        "hashed_secret": "4e997b63d507073080ca1367a5f64b319bb16cea",
        "is_verified": false,
        "line_number": 50263
      },
      {
        "type": "AWS Access Key",
        "filename": "src\\zerodha_data_fetcher\\utils\\data\\Kite_Instrument_ID.csv",
        "hashed_secret": "856441c74fafd173a413ffd62e55843183b01719",
        "is_verified": false,
        "line_number": 50264
      },
      {
        "type": "AWS Access Key",
        "filename": "src\\zerodha_data_fetcher\\utils\\data\\Kite_Instrument_ID.csv",
        "hashed_secret": "9853ac1a8bff8f5c461001240836237d7fcb9d93",
        "is_verified": false,
        "line_number": 50265
      },
      {
        "type": "AWS Access Key",
        "filename": "src\\zerodha_data_fetcher\\utils\\data\\Kite_Instrument_ID.csv",
        "hashed_secret": "a9d63e3956b9a2162f1849210554b157a65a258a",
        "is_verified": false,
        "line_number": 50266
      },
      {
        "type": "AWS Access Key",
        "filename": "src\\zerodha_data_fetcher\\utils\\data\\Kite_Instrument_ID.csv",
        "hashed_secret": "75d4487ea024f1802a0e06567f9cb8d297c99d7e",
        "is_verified": false,
        "line_number": 50267
      },
      {
        "type": "AWS Access Key",
        "filename": "src\\zerodha_data_fetcher\\utils\\data\\Kite_Instrument_ID.csv",
        "hashed_secret": "ed4961870c9b4c07d54aba211b22786165c8d662",
        "is_verified": false,
        "line_number": 50268
      },
      {
        "type": "AWS Access Key",
        "filename": "src\\zerodha_data_fetcher\\utils\\data\\Kite_Instrument_ID.csv",
        "hashed_secret": "9498850be8064f1074e1c1c1cde9ff4beaed8bc4",
        "is_verified": false,
        "line_number": 50269
      },
      {
        "type": "AWS Access Key",
        "filename": "src\\zerodha_data_fetcher\\utils\\data\\Kite_Instrument_ID.csv",
        "hashed_secret": "c9d76c49b5d1f100f81f543c2cb57d065dd354bc",
        "is_verified": false,
        "line_number": 50270
      },
      {
        "type": "AWS Access Key",
        "filename": "src\\zerodha_data_fetcher\\utils\\data\\Kite_Instrument_ID.csv",
        "hashed_secret": "303fe22976859f98a1f0774b93bf8c29a547edf9",
        "is_verified": false,
        "line_number": 50271
      },
      {
        "type": "AWS Access Key",
        "filename": "src\\zerodha_data_fetcher\\utils\\data\\Kite_Instrument_ID.csv",
        "hashed_secret": "713bd72ce58648d116e7b004cac810db820baeba",
        "is_verified": false,
        "line_number": 50272
      },
      {
        "type": "AWS Access Key",
        "filename": "src\\zerodha_data_fetcher\\utils\\data\\Kite_Instrument_ID.csv",
        "hashed_secret": "5397c022104acd68af4a62cd872dcedda74186ad",
        "is_verified": false,
        "line_number": 50273
      },
      {
        "type": "AWS Access Key",
        "filename": "src\\zerodha_data_fetcher\\utils\\data\\Kite_Instrument_ID.csv",
        "hashed_secret": "abd28450c6ef5e00fd2d2135c0cb698b8036b188",
        "is_verified": false,
        "line_number": 50274
      },
      {
        "type": "AWS Access Key",
        "filename": "src\\zerodha_data_fetcher\\utils\\data\\Kite_Instrument_ID.csv",
        "hashed_secret": "b2b88a1fea97b071c70996906997b44de1bb7b33",
        "is_verified": false,
        "line_number": 50275
      },
      {
        "type": "AWS Access Key",
        "filename": "src\\zerodha_data_fetcher\\utils\\data\\Kite_Instrument_ID.csv",
        "hashed_secret": "ae9102a98717e9da35b6f1320efee429d18efbde",
        "is_verified": false,
        "line_number": 50276
      },
      {
        "type": "AWS Access Key",
        "filename": "src\\zerodha_data_fetcher\\utils\\data\\Kite_Instrument_ID.csv",
        "hashed_secret": "fbf5c41c67983a09019b79d881e37696f1b26756",
        "is_verified": false,
        "line_number": 50277
      },
      {
        "type": "AWS Access Key",
        "filename": "src\\zerodha_data_fetcher\\utils\\data\\Kite_Instrument_ID.csv",
        "hashed_secret": "3bc1b92c20a5ce4e6d665cbad1d8d0cd760726f7",
        "is_verified": false,
        "line_number": 50278
      },
      {
        "type": "AWS Access Key",
        "filename": "src\\zerodha_data_fetcher\\utils\\data\\Kite_Instrument_ID.csv",
        "hashed_secret": "dc984738ef2ef6096cf92308f715480347ba0061",
        "is_verified": false,
        "line_number": 50279
      },
      {
        "type": "AWS Access Key",
        "filename": "src\\zerodha_data_fetcher\\utils\\data\\Kite_Instrument_ID.csv",
        "hashed_secret": "b626ee814ccea801fbd1da7dd821c4fea489754d",
        "is_verified": false,
        "line_number": 50280
      },
      {
        "type": "AWS Access Key",
        "filename": "src\\zerodha_data_fetcher\\utils\\data\\Kite_Instrument_ID.csv",
        "hashed_secret": "9d239f02f88211a826b718989800cb0982b3a512",
        "is_verified": false,
        "line_number": 50281
      },
      {
        "type": "AWS Access Key",
        "filename": "src\\zerodha_data_fetcher\\utils\\data\\Kite_Instrument_ID.csv",
        "hashed_secret": "d39e9fa221dacc4778849115fa643e7f7a92fdc2",
        "is_verified": false,
        "line_number": 50282
      },
      {
        "type": "AWS Access Key",
        "filename": "src\\zerodha_data_fetcher\\utils\\data\\Kite_Instrument_ID.csv",
        "hashed_secret": "e2cc3d01a6b201bb37133961ac87e81895b117cf",
        "is_verified": false,
        "line_number": 50283
      },
      {
        "type": "AWS Access Key",
        "filename": "src\\zerodha_data_fetcher\\utils\\data\\Kite_Instrument_ID.csv",
        "hashed_secret": "92ce398b3210d029312aa73c7fc47ceb79a8bc61",
        "is_verified": false,
        "line_number": 50284
      },
      {
        "type": "AWS Access Key",
        "filename": "src\\zerodha_data_fetcher\\utils\\data\\Kite_Instrument_ID.csv",
        "hashed_secret": "96a69f43acbd8f5faf70de1238912670225bf3e0",
        "is_verified": false,
        "line_number": 50285
      },
      {
        "type": "AWS Access Key",
        "filename": "src\\zerodha_data_fetcher\\utils\\data\\Kite_Instrument_ID.csv",
        "hashed_secret": "876f0c90b7c0552abe1d693e21b7b557ee5c3699",
        "is_verified": false,
        "line_number": 50286
      },
      {
        "type": "AWS Access Key",
        "filename": "src\\zerodha_data_fetcher\\utils\\data\\Kite_Instrument_ID.csv",
        "hashed_secret": "d8581f8c21841977c47ecfe6bc0b03a46447e77a",
        "is_verified": false,
        "line_number": 50287
      },
      {
        "type": "AWS Access Key",
        "filename": "src\\zerodha_data_fetcher\\utils\\data\\Kite_Instrument_ID.csv",
        "hashed_secret": "c749747c95b78169bbc4ac991f6a945b9275f976",
        "is_verified": false,
        "line_number": 50288
      },
      {
        "type": "AWS Access Key",
        "filename": "src\\zerodha_data_fetcher\\utils\\data\\Kite_Instrument_ID.csv",
        "hashed_secret": "76d55d2561287ab11a017e6e3aa6ec96f804634b",
        "is_verified": false,
        "line_number": 50289
      },
      {
        "type": "AWS Access Key",
        "filename": "src\\zerodha_data_fetcher\\utils\\data\\Kite_Instrument_ID.csv",
        "hashed_secret": "5b255987353e13a9fa4cd8a974ce5fa4db9cb0a3",
        "is_verified": false,
        "line_number": 50290
      },
      {
        "type": "AWS Access Key",
        "filename": "src\\zerodha_data_fetcher\\utils\\data\\Kite_Instrument_ID.csv",
        "hashed_secret": "7f887ed1e8dc95920ed5c1cb4295663d83edef49",
        "is_verified": false,
        "line_number": 50291
      },
      {
        "type": "AWS Access Key",
        "filename": "src\\zerodha_data_fetcher\\utils\\data\\Kite_Instrument_ID.csv",
        "hashed_secret": "eda8cd09907ca5d72a993b0617d17d3673f4852e",
        "is_verified": false,
        "line_number": 50292
      },
      {
        "type": "AWS Access Key",
        "filename": "src\\zerodha_data_fetcher\\utils\\data\\Kite_Instrument_ID.csv",
        "hashed_secret": "a44cbe0f90c7563d73b20635bf9b830d44903054",
        "is_verified": false,
        "line_number": 50293
      },
      {
        "type": "AWS Access Key",
        "filename": "src\\zerodha_data_fetcher\\utils\\data\\Kite_Instrument_ID.csv",
        "hashed_secret": "540ffa9ecb5e619e46932ddda84c5b7a2bba7375",
        "is_verified": false,
        "line_number": 50294
      },
      {
        "type": "AWS Access Key",
        "filename": "src\\zerodha_data_fetcher\\utils\\data\\Kite_Instrument_ID.csv",
        "hashed_secret": "f29fd8408a0c88848753c08f3864d7cff3c90169",
        "is_verified": false,
        "line_number": 50295
      },
      {
        "type": "AWS Access Key",
        "filename": "src\\zerodha_data_fetcher\\utils\\data\\Kite_Instrument_ID.csv",
        "hashed_secret": "44ed9dc48bad65a4761f3282742b59d1fe2dda50",
        "is_verified": false,
        "line_number": 50296
      },
      {
        "type": "AWS Access Key",
        "filename": "src\\zerodha_data_fetcher\\utils\\data\\Kite_Instrument_ID.csv",
        "hashed_secret": "cbcb0c50da5bbcd11dbc8fd2e34d280cbf641143",
        "is_verified": false,
        "line_number": 50297
      },
      {
        "type": "AWS Access Key",
        "filename": "src\\zerodha_data_fetcher\\utils\\data\\Kite_Instrument_ID.csv",
        "hashed_secret": "229846f34cc41477dccb8e7692b858848cd971e2",
        "is_verified": false,
        "line_number": 50298
      },
      {
        "type": "AWS Access Key",
        "filename": "src\\zerodha_data_fetcher\\utils\\data\\Kite_Instrument_ID.csv",
        "hashed_secret": "4b46339470b725253bb58601f96e4e1d2b64a824",
        "is_verified": false,
        "line_number": 50299
      },
      {
        "type": "AWS Access Key",
        "filename": "src\\zerodha_data_fetcher\\utils\\data\\Kite_Instrument_ID.csv",
        "hashed_secret": "6d56bede5266a686e9507a1bfdff870742458de7",
        "is_verified": false,
        "line_number": 50300
      },
      {
        "type": "AWS Access Key",
        "filename": "src\\zerodha_data_fetcher\\utils\\data\\Kite_Instrument_ID.csv",
        "hashed_secret": "69889a35189c3d1535bbff948c163f4cec3365bc",
        "is_verified": false,
        "line_number": 50301
      },
      {
        "type": "AWS Access Key",
        "filename": "src\\zerodha_data_fetcher\\utils\\data\\Kite_Instrument_ID.csv",
        "hashed_secret": "62d0d75dd4a795352c51981abb469796695ab53e",
        "is_verified": false,
        "line_number": 50302
      },
      {
        "type": "AWS Access Key",
        "filename": "src\\zerodha_data_fetcher\\utils\\data\\Kite_Instrument_ID.csv",
        "hashed_secret": "d63015b89aa772e86dff3e1d2d8d01db2e56529f",
        "is_verified": false,
        "line_number": 50303
      },
      {
        "type": "AWS Access Key",
        "filename": "src\\zerodha_data_fetcher\\utils\\data\\Kite_Instrument_ID.csv",
        "hashed_secret": "412d456cfc47a953e2d3fafb093280859bf522fc",
        "is_verified": false,
        "line_number": 50304
      },
      {
        "type": "AWS Access Key",
        "filename": "src\\zerodha_data_fetcher\\utils\\data\\Kite_Instrument_ID.csv",
        "hashed_secret": "dee342dba579eb090425d1e1e2cb0ec405ba9da4",
        "is_verified": false,
        "line_number": 50305
      },
      {
        "type": "AWS Access Key",
        "filename": "src\\zerodha_data_fetcher\\utils\\data\\Kite_Instrument_ID.csv",
        "hashed_secret": "020f12a12b36166628755251e8e26b3658552999",
        "is_verified": false,
        "line_number": 50306
      },
      {
        "type": "AWS Access Key",
        "filename": "src\\zerodha_data_fetcher\\utils\\data\\Kite_Instrument_ID.csv",
        "hashed_secret": "9cb54c42cef9a9d0561b14f6e6d422ab535fc4d5",
        "is_verified": false,
        "line_number": 50307
      },
      {
        "type": "AWS Access Key",
        "filename": "src\\zerodha_data_fetcher\\utils\\data\\Kite_Instrument_ID.csv",
        "hashed_secret": "3b9dfe20f1447964e7fa7c6e4d183acf4e3bacae",
        "is_verified": false,
        "line_number": 50308
      },
      {
        "type": "AWS Access Key",
        "filename": "src\\zerodha_data_fetcher\\utils\\data\\Kite_Instrument_ID.csv",
        "hashed_secret": "cdd01859078005ddf26ad218c4ea8730b6cdd8dc",
        "is_verified": false,
        "line_number": 50309
      },
      {
        "type": "AWS Access Key",
        "filename": "src\\zerodha_data_fetcher\\utils\\data\\Kite_Instrument_ID.csv",
        "hashed_secret": "94544afbfa94c1c9da41408ed6fcde74666e1bff",
        "is_verified": false,
        "line_number": 50310
      },
      {
        "type": "AWS Access Key",
        "filename": "src\\zerodha_data_fetcher\\utils\\data\\Kite_Instrument_ID.csv",
        "hashed_secret": "5977da643d02e87247c18cf87bba039d2b0abed1",
        "is_verified": false,
        "line_number": 50311
      },
      {
        "type": "AWS Access Key",
        "filename": "src\\zerodha_data_fetcher\\utils\\data\\Kite_Instrument_ID.csv",
        "hashed_secret": "b0a849aee8c94e9ad02a70960a5a8fde1ac65e4e",
        "is_verified": false,
        "line_number": 50312
      },
      {
        "type": "AWS Access Key",
        "filename": "src\\zerodha_data_fetcher\\utils\\data\\Kite_Instrument_ID.csv",
        "hashed_secret": "a0ccedf486f43e09572548e6c86fd7201d594804",
        "is_verified": false,
        "line_number": 50313
      },
      {
        "type": "AWS Access Key",
        "filename": "src\\zerodha_data_fetcher\\utils\\data\\Kite_Instrument_ID.csv",
        "hashed_secret": "59ee201eaaa74dd7f388a89f003ce06845e15e87",
        "is_verified": false,
        "line_number": 50314
      },
      {
        "type": "AWS Access Key",
        "filename": "src\\zerodha_data_fetcher\\utils\\data\\Kite_Instrument_ID.csv",
        "hashed_secret": "88cb12b74217d588cabcde84c9d96a1c61416278",
        "is_verified": false,
        "line_number": 50315
      },
      {
        "type": "AWS Access Key",
        "filename": "src\\zerodha_data_fetcher\\utils\\data\\Kite_Instrument_ID.csv",
        "hashed_secret": "635a69cfbb9df18dbb734ba5ec63da5fe2478245",
        "is_verified": false,
        "line_number": 50316
      },
      {
        "type": "AWS Access Key",
        "filename": "src\\zerodha_data_fetcher\\utils\\data\\Kite_Instrument_ID.csv",
        "hashed_secret": "6b830f58a439e39ccdde6acbe543bfccff8f3f2e",
        "is_verified": false,
        "line_number": 50317
      },
      {
        "type": "AWS Access Key",
        "filename": "src\\zerodha_data_fetcher\\utils\\data\\Kite_Instrument_ID.csv",
        "hashed_secret": "0976f210ec801b994a4aa645eb1341107c6aa0e1",
        "is_verified": false,
        "line_number": 50318
      },
      {
        "type": "AWS Access Key",
        "filename": "src\\zerodha_data_fetcher\\utils\\data\\Kite_Instrument_ID.csv",
        "hashed_secret": "e96613384c7f2a77446f0e7c2d6e476dc19d52b1",
        "is_verified": false,
        "line_number": 50319
      },
      {
        "type": "AWS Access Key",
        "filename": "src\\zerodha_data_fetcher\\utils\\data\\Kite_Instrument_ID.csv",
        "hashed_secret": "2a7c4460d24f21c68b4495d5b09f04c4aa6ebb52",
        "is_verified": false,
        "line_number": 50320
      },
      {
        "type": "AWS Access Key",
        "filename": "src\\zerodha_data_fetcher\\utils\\data\\Kite_Instrument_ID.csv",
        "hashed_secret": "b8b69e9a78ad153a1c6f2738ca3b6d08cf5af833",
        "is_verified": false,
        "line_number": 50321
      },
      {
        "type": "AWS Access Key",
        "filename": "src\\zerodha_data_fetcher\\utils\\data\\Kite_Instrument_ID.csv",
        "hashed_secret": "b899c53eccf52814bcc755d7090e2723cc5befb3",
        "is_verified": false,
        "line_number": 50322
      },
      {
        "type": "AWS Access Key",
        "filename": "src\\zerodha_data_fetcher\\utils\\data\\Kite_Instrument_ID.csv",
        "hashed_secret": "825a9ed73bb038e6ee79a6aa2796369fb9ee38ff",
        "is_verified": false,
        "line_number": 50323
      },
      {
        "type": "AWS Access Key",
        "filename": "src\\zerodha_data_fetcher\\utils\\data\\Kite_Instrument_ID.csv",
        "hashed_secret": "2cc3d183e812841d802414f1282b206605e885d6",
        "is_verified": false,
        "line_number": 50324
      },
      {
        "type": "AWS Access Key",
        "filename": "src\\zerodha_data_fetcher\\utils\\data\\Kite_Instrument_ID.csv",
        "hashed_secret": "ace7db62b824a3c1b12722143748387a4e242116",
        "is_verified": false,
        "line_number": 50325
      },
      {
        "type": "AWS Access Key",
        "filename": "src\\zerodha_data_fetcher\\utils\\data\\Kite_Instrument_ID.csv",
        "hashed_secret": "3516113d1363008fd56b565d78ee77c468e9d0c8",
        "is_verified": false,
        "line_number": 50326
      },
      {
        "type": "AWS Access Key",
        "filename": "src\\zerodha_data_fetcher\\utils\\data\\Kite_Instrument_ID.csv",
        "hashed_secret": "6d15657036e50f12bd5731809ba4560a33f6f8e9",
        "is_verified": false,
        "line_number": 50327
      },
      {
        "type": "AWS Access Key",
        "filename": "src\\zerodha_data_fetcher\\utils\\data\\Kite_Instrument_ID.csv",
        "hashed_secret": "9dcc6337675deaecb4d249b14e7664db07b46383",
        "is_verified": false,
        "line_number": 50328
      },
      {
        "type": "AWS Access Key",
        "filename": "src\\zerodha_data_fetcher\\utils\\data\\Kite_Instrument_ID.csv",
        "hashed_secret": "57fee880507c4433d7ceab3f7d9ee9e8e8a065df",
        "is_verified": false,
        "line_number": 50329
      },
      {
        "type": "AWS Access Key",
        "filename": "src\\zerodha_data_fetcher\\utils\\data\\Kite_Instrument_ID.csv",
        "hashed_secret": "fa787a09eefaff64e200d9303d49a996b4f2495b",
        "is_verified": false,
        "line_number": 50330
      },
      {
        "type": "AWS Access Key",
        "filename": "src\\zerodha_data_fetcher\\utils\\data\\Kite_Instrument_ID.csv",
        "hashed_secret": "fce659299ac617c0cd3282c868010b9cc7bb1913",
        "is_verified": false,
        "line_number": 50331
      },
      {
        "type": "AWS Access Key",
        "filename": "src\\zerodha_data_fetcher\\utils\\data\\Kite_Instrument_ID.csv",
        "hashed_secret": "ec8dd85b6336f747e7cd41d56e913ba4d293d8a5",
        "is_verified": false,
        "line_number": 50332
      },
      {
        "type": "AWS Access Key",
        "filename": "src\\zerodha_data_fetcher\\utils\\data\\Kite_Instrument_ID.csv",
        "hashed_secret": "150941db719791fa926ca4789eef01bfa62b3d4a",
        "is_verified": false,
        "line_number": 50333
      },
      {
        "type": "AWS Access Key",
        "filename": "src\\zerodha_data_fetcher\\utils\\data\\Kite_Instrument_ID.csv",
        "hashed_secret": "19b8bf4a2177b1c929a0cd131ba59d4e785e98ba",
        "is_verified": false,
        "line_number": 50334
      },
      {
        "type": "AWS Access Key",
        "filename": "src\\zerodha_data_fetcher\\utils\\data\\Kite_Instrument_ID.csv",
        "hashed_secret": "5742c3006bfd67e569d46ea352cb123ea6d742c9",
        "is_verified": false,
        "line_number": 50335
      },
      {
        "type": "AWS Access Key",
        "filename": "src\\zerodha_data_fetcher\\utils\\data\\Kite_Instrument_ID.csv",
        "hashed_secret": "0e1fcac309b7b658983e3f9de50bd108de638f4d",
        "is_verified": false,
        "line_number": 50336
      },
      {
        "type": "AWS Access Key",
        "filename": "src\\zerodha_data_fetcher\\utils\\data\\Kite_Instrument_ID.csv",
        "hashed_secret": "384f78cc98a80d0e27f738d4996d63e75757f74a",
        "is_verified": false,
        "line_number": 50337
      },
      {
        "type": "AWS Access Key",
        "filename": "src\\zerodha_data_fetcher\\utils\\data\\Kite_Instrument_ID.csv",
        "hashed_secret": "50c5a24f00506ad5b4650800f704bb7bcd99831b",
        "is_verified": false,
        "line_number": 50338
      },
      {
        "type": "AWS Access Key",
        "filename": "src\\zerodha_data_fetcher\\utils\\data\\Kite_Instrument_ID.csv",
        "hashed_secret": "50dbac08530c2fd8c97753b44e4f9e6680252410",
        "is_verified": false,
        "line_number": 50339
      },
      {
        "type": "AWS Access Key",
        "filename": "src\\zerodha_data_fetcher\\utils\\data\\Kite_Instrument_ID.csv",
        "hashed_secret": "7686a17b18f914e6f948f2e4f9bb3093bac45609",
        "is_verified": false,
        "line_number": 50340
      },
      {
        "type": "AWS Access Key",
        "filename": "src\\zerodha_data_fetcher\\utils\\data\\Kite_Instrument_ID.csv",
        "hashed_secret": "e59f86e678dffcd9b1bc5fb80d924c32268f06bb",
        "is_verified": false,
        "line_number": 50341
      },
      {
        "type": "AWS Access Key",
        "filename": "src\\zerodha_data_fetcher\\utils\\data\\Kite_Instrument_ID.csv",
        "hashed_secret": "2b8dbbed999717d5ace1119e08a297b2112d5cc0",
        "is_verified": false,
        "line_number": 50342
      },
      {
        "type": "AWS Access Key",
        "filename": "src\\zerodha_data_fetcher\\utils\\data\\Kite_Instrument_ID.csv",
        "hashed_secret": "160d90c863c9aa9dc5c4a00bad65fe9c300dace5",
        "is_verified": false,
        "line_number": 50343
      },
      {
        "type": "AWS Access Key",
        "filename": "src\\zerodha_data_fetcher\\utils\\data\\Kite_Instrument_ID.csv",
        "hashed_secret": "6ad5cf676e6a0149875d404048bbfc24247ff2d2",
        "is_verified": false,
        "line_number": 50344
      },
      {
        "type": "AWS Access Key",
        "filename": "src\\zerodha_data_fetcher\\utils\\data\\Kite_Instrument_ID.csv",
        "hashed_secret": "752779bc0910b9e30a0755ae15a9ff35adb626c5",
        "is_verified": false,
        "line_number": 50345
      },
      {
        "type": "AWS Access Key",
        "filename": "src\\zerodha_data_fetcher\\utils\\data\\Kite_Instrument_ID.csv",
        "hashed_secret": "94a4b7adb78d314a042ed324088226c053ad6b2a",
        "is_verified": false,
        "line_number": 50346
      },
      {
        "type": "AWS Access Key",
        "filename": "src\\zerodha_data_fetcher\\utils\\data\\Kite_Instrument_ID.csv",
        "hashed_secret": "05e8a29a956bf5b581750b9d3496f5985465740f",
        "is_verified": false,
        "line_number": 50347
      },
      {
        "type": "AWS Access Key",
        "filename": "src\\zerodha_data_fetcher\\utils\\data\\Kite_Instrument_ID.csv",
        "hashed_secret": "4c11af66742a5b4c8b3862d2e9519170984f9c63",
        "is_verified": false,
        "line_number": 50348
      },
      {
        "type": "AWS Access Key",
        "filename": "src\\zerodha_data_fetcher\\utils\\data\\Kite_Instrument_ID.csv",
        "hashed_secret": "d6207c8f626b92247db1dd62d8346bc255283a71",
        "is_verified": false,
        "line_number": 50349
      },
      {
        "type": "AWS Access Key",
        "filename": "src\\zerodha_data_fetcher\\utils\\data\\Kite_Instrument_ID.csv",
        "hashed_secret": "54a1a7ed9564598f9264868c608871b409f5a827",
        "is_verified": false,
        "line_number": 50350
      },
      {
        "type": "AWS Access Key",
        "filename": "src\\zerodha_data_fetcher\\utils\\data\\Kite_Instrument_ID.csv",
        "hashed_secret": "5d44e6afd7fefc5ff6e0642c78c1d44c78893a8e",
        "is_verified": false,
        "line_number": 50351
      },
      {
        "type": "AWS Access Key",
        "filename": "src\\zerodha_data_fetcher\\utils\\data\\Kite_Instrument_ID.csv",
        "hashed_secret": "94f7536ac95b84850d3fc05885a38fdfa88fd17c",
        "is_verified": false,
        "line_number": 50352
      },
      {
        "type": "AWS Access Key",
        "filename": "src\\zerodha_data_fetcher\\utils\\data\\Kite_Instrument_ID.csv",
        "hashed_secret": "81007cf28227450e4b0cf5e7d72d95c120ba24c7",
        "is_verified": false,
        "line_number": 50353
      },
      {
        "type": "AWS Access Key",
        "filename": "src\\zerodha_data_fetcher\\utils\\data\\Kite_Instrument_ID.csv",
        "hashed_secret": "2976de01d2d752b3ee7a1a7b1ed6ff13b4243be6",
        "is_verified": false,
        "line_number": 50354
      },
      {
        "type": "AWS Access Key",
        "filename": "src\\zerodha_data_fetcher\\utils\\data\\Kite_Instrument_ID.csv",
        "hashed_secret": "d131d317972e7b95015ce46e6d6e952562da8732",
        "is_verified": false,
        "line_number": 50355
      },
      {
        "type": "AWS Access Key",
        "filename": "src\\zerodha_data_fetcher\\utils\\data\\Kite_Instrument_ID.csv",
        "hashed_secret": "63d48f5ab760ae9264f5b1d55053259c06e4ad9e",
        "is_verified": false,
        "line_number": 50356
      },
      {
        "type": "AWS Access Key",
        "filename": "src\\zerodha_data_fetcher\\utils\\data\\Kite_Instrument_ID.csv",
        "hashed_secret": "bb4717a41d1aea5589fd4491f77e2c88cc9fd0a2",
        "is_verified": false,
        "line_number": 50357
      }
    ],
    "tests\\conftest.py": [
      {
        "type": "Secret Keyword",
        "filename": "tests\\conftest.py",
        "hashed_secret": "c94d65f02a652d11c2e5c2e1ccf38dce5a076e1e",
        "is_verified": false,
        "line_number": 53
      },
      {
        "type": "Secret Keyword",
        "filename": "tests\\conftest.py",
        "hashed_secret": "99d89dff94f46a9daffecf7d8d0ddb24b258b480",
        "is_verified": false,
        "line_number": 54
      }
    ],
    "tests\\test_config.py": [
      {
        "type": "Secret Keyword",
        "filename": "tests\\test_config.py",
        "hashed_secret": "4cc7d71f0902086b370ae2fc716ecbc97f0d2b9b",
        "is_verified": false,
        "line_number": 21
      },
      {
        "type": "Secret Keyword",
        "filename": "tests\\test_config.py",
        "hashed_secret": "9d4e1e23bd5b727046a9e3b4b7db57bd8d6ee684",
        "is_verified": false,
        "line_number": 45
      },
      {
        "type": "Secret Keyword",
        "filename": "tests\\test_config.py",
        "hashed_secret": "c94d65f02a652d11c2e5c2e1ccf38dce5a076e1e",
        "is_verified": false,
        "line_number": 63
      },
      {
        "type": "Secret Keyword",
        "filename": "tests\\test_config.py",
        "hashed_secret": "99d89dff94f46a9daffecf7d8d0ddb24b258b480",
        "is_verified": false,
        "line_number": 65
      }
    ]
  },
  "generated_at": "2026-04-28T12:59:58Z"
}
